[07-Jul-2025 22:49:04 America/Mexico_City] PHP Warning:  session_set_cookie_params(): Session cookie parameters cannot be changed when a session is active in C:\xampp\htdocs\tienda_gamer\config.php on line 51
[07-Jul-2025 22:49:04 America/Mexico_City] PHP Warning:  session_set_cookie_params(): Session cookie parameters cannot be changed when a session is active in C:\xampp\htdocs\tienda_gamer\config.php on line 51
[07-Jul-2025 22:49:04 America/Mexico_City] Acción inválida
#0 {main}
[07-Jul-2025 22:49:59 America/Mexico_City] Acción inválida
#0 {main}
[07-Jul-2025 22:50:03 America/Mexico_City] Acción inválida
#0 {main}
[07-Jul-2025 22:50:05 America/Mexico_City] Acción inválida
#0 {main}
[07-Jul-2025 22:50:05 America/Mexico_City] Acción inválida
#0 {main}
[07-Jul-2025 22:50:07 America/Mexico_City] Acción inválida
#0 {main}
[07-Jul-2025 22:50:08 America/Mexico_City] Acción inválida
#0 {main}
[07-Jul-2025 22:50:09 America/Mexico_City] Acción inválida
#0 {main}
[07-Jul-2025 22:50:09 America/Mexico_City] Acción inválida
#0 {main}
[07-Jul-2025 22:50:10 America/Mexico_City] Acción inválida
#0 {main}
[07-Jul-2025 22:50:11 America/Mexico_City] Acción inválida
#0 {main}
[07-Jul-2025 22:50:12 America/Mexico_City] Acción inválida
#0 {main}
[07-Jul-2025 22:50:15 America/Mexico_City] Acción inválida
#0 {main}
[07-Jul-2025 22:50:16 America/Mexico_City] Acción inválida
#0 {main}
[07-Jul-2025 22:50:16 America/Mexico_City] Acción inválida
#0 {main}
[07-Jul-2025 22:50:17 America/Mexico_City] Acción inválida
#0 {main}
[07-Jul-2025 22:50:18 America/Mexico_City] Acción inválida
#0 {main}
[07-Jul-2025 22:50:19 America/Mexico_City] Acción inválida
#0 {main}
[07-Jul-2025 22:50:21 America/Mexico_City] Acción inválida
#0 {main}
[07-Jul-2025 22:50:22 America/Mexico_City] Acción inválida
#0 {main}
[07-Jul-2025 22:50:22 America/Mexico_City] Acción inválida
#0 {main}
[07-Jul-2025 22:50:23 America/Mexico_City] Acción inválida
#0 {main}
[07-Jul-2025 22:50:25 America/Mexico_City] Acción inválida
#0 {main}
[07-Jul-2025 22:50:27 America/Mexico_City] Acción inválida
#0 {main}
[07-Jul-2025 22:50:27 America/Mexico_City] Acción inválida
#0 {main}
[07-Jul-2025 22:50:30 America/Mexico_City] Acción inválida
#0 {main}
[07-Jul-2025 22:50:31 America/Mexico_City] Acción inválida
#0 {main}
[07-Jul-2025 22:52:08 America/Mexico_City] Acción inválida
#0 {main}
[07-Jul-2025 22:52:08 America/Mexico_City] Acción inválida
#0 {main}
[07-Jul-2025 22:52:10 America/Mexico_City] Acción inválida
#0 {main}
[07-Jul-2025 22:52:12 America/Mexico_City] Acción inválida
#0 {main}
[07-Jul-2025 22:52:12 America/Mexico_City] Acción inválida
#0 {main}
[07-Jul-2025 22:52:13 America/Mexico_City] Acción inválida
#0 {main}
[07-Jul-2025 22:52:13 America/Mexico_City] Acción inválida
#0 {main}
[07-Jul-2025 22:52:14 America/Mexico_City] Acción inválida
#0 {main}
[07-Jul-2025 22:52:15 America/Mexico_City] Acción inválida
#0 {main}
[07-Jul-2025 22:52:15 America/Mexico_City] Acción inválida
#0 {main}
[07-Jul-2025 22:52:17 America/Mexico_City] Acción inválida
#0 {main}
[07-Jul-2025 22:52:18 America/Mexico_City] Acción inválida
#0 {main}
[07-Jul-2025 22:52:22 America/Mexico_City] Acción inválida
#0 {main}
[07-Jul-2025 22:52:22 America/Mexico_City] Acción inválida
#0 {main}
[07-Jul-2025 22:52:23 America/Mexico_City] Acción inválida
#0 {main}
[07-Jul-2025 22:52:24 America/Mexico_City] Acción inválida
#0 {main}
[07-Jul-2025 22:52:24 America/Mexico_City] Acción inválida
#0 {main}
[07-Jul-2025 22:52:25 America/Mexico_City] Acción inválida
#0 {main}
[07-Jul-2025 22:52:27 America/Mexico_City] Acción inválida
#0 {main}
[07-Jul-2025 22:52:54 America/Mexico_City] Acción inválida
#0 {main}
[07-Jul-2025 22:52:58 America/Mexico_City] Acción inválida
#0 {main}
[07-Jul-2025 22:53:58 America/Mexico_City] Acción inválida
#0 {main}
[07-Jul-2025 22:55:47 America/Mexico_City] Acción inválida
#0 {main}
[07-Jul-2025 22:55:50 America/Mexico_City] Acción inválida
#0 {main}
[07-Jul-2025 22:55:55 America/Mexico_City] Acción inválida
#0 {main}
[07-Jul-2025 22:56:01 America/Mexico_City] Acción no encontrada
#0 {main}
[07-Jul-2025 22:56:01 America/Mexico_City] Acción inválida
#0 {main}
[07-Jul-2025 22:56:09 America/Mexico_City] Acción no encontrada
#0 {main}
[07-Jul-2025 22:56:09 America/Mexico_City] Acción inválida
#0 {main}
[07-Jul-2025 22:57:35 America/Mexico_City] Acción inválida
#0 {main}
[07-Jul-2025 22:57:35 America/Mexico_City] Acción inválida
#0 {main}
[07-Jul-2025 22:57:47 America/Mexico_City] Acción inválida
#0 {main}
[07-Jul-2025 22:57:47 America/Mexico_City] Acción inválida
#0 {main}
[07-Jul-2025 22:57:56 America/Mexico_City] Acción inválida
#0 {main}
[07-Jul-2025 22:57:56 America/Mexico_City] Acción inválida
#0 {main}
[07-Jul-2025 22:59:24 America/Mexico_City] Acción inválida
#0 {main}
[07-Jul-2025 22:59:24 America/Mexico_City] Acción inválida
#0 {main}
[07-Jul-2025 22:59:28 America/Mexico_City] Acción inválida
#0 {main}
[07-Jul-2025 22:59:31 America/Mexico_City] Acción inválida
#0 {main}
[07-Jul-2025 22:59:31 America/Mexico_City] Acción inválida
#0 {main}
[07-Jul-2025 22:59:33 America/Mexico_City] Acción inválida
#0 {main}
[07-Jul-2025 22:59:33 America/Mexico_City] Acción inválida
#0 {main}
[07-Jul-2025 22:59:45 America/Mexico_City] Acción inválida
#0 {main}
[07-Jul-2025 22:59:45 America/Mexico_City] Acción inválida
#0 {main}
[07-Jul-2025 22:59:48 America/Mexico_City] Acción inválida
#0 {main}
[07-Jul-2025 22:59:52 America/Mexico_City] Acción inválida
#0 {main}
[07-Jul-2025 22:59:52 America/Mexico_City] Acción inválida
#0 {main}
[07-Jul-2025 22:59:54 America/Mexico_City] Acción inválida
#0 {main}
[07-Jul-2025 23:01:12 America/Mexico_City] Acción inválida
#0 {main}
[07-Jul-2025 23:01:13 America/Mexico_City] Acción inválida
#0 {main}
[07-Jul-2025 23:01:14 America/Mexico_City] Acción inválida
#0 {main}
[07-Jul-2025 23:01:17 America/Mexico_City] Acción inválida
#0 {main}
[07-Jul-2025 23:01:20 America/Mexico_City] Acción inválida
#0 {main}
[07-Jul-2025 23:01:20 America/Mexico_City] Acción inválida
#0 {main}
[07-Jul-2025 23:01:22 America/Mexico_City] Acción inválida
#0 {main}
[07-Jul-2025 23:01:22 America/Mexico_City] Acción inválida
#0 {main}
[07-Jul-2025 23:01:31 America/Mexico_City] Acción inválida
#0 {main}
[07-Jul-2025 23:01:31 America/Mexico_City] Acción inválida
#0 {main}
[07-Jul-2025 23:03:57 America/Mexico_City] Acción inválida
#0 {main}
[07-Jul-2025 23:07:56 America/Mexico_City] PHP Warning:  foreach() argument must be of type array|object, string given in C:\xampp\htdocs\tienda_gamer\views\orders\admin_list.php on line 51
[07-Jul-2025 23:07:56 America/Mexico_City] PHP Warning:  foreach() argument must be of type array|object, string given in C:\xampp\htdocs\tienda_gamer\views\orders\admin_list.php on line 51
[07-Jul-2025 23:07:56 America/Mexico_City] Acción inválida
#0 {main}
[07-Jul-2025 23:08:04 America/Mexico_City] Acción inválida
#0 {main}
[07-Jul-2025 23:08:04 America/Mexico_City] Acción inválida
#0 {main}
[07-Jul-2025 23:08:07 America/Mexico_City] PHP Warning:  foreach() argument must be of type array|object, string given in C:\xampp\htdocs\tienda_gamer\views\orders\admin_list.php on line 51
[07-Jul-2025 23:08:07 America/Mexico_City] PHP Warning:  foreach() argument must be of type array|object, string given in C:\xampp\htdocs\tienda_gamer\views\orders\admin_list.php on line 51
[07-Jul-2025 23:08:07 America/Mexico_City] Acción inválida
#0 {main}
[07-Jul-2025 23:08:11 America/Mexico_City] Acción inválida
#0 {main}
[07-Jul-2025 23:08:11 America/Mexico_City] Acción inválida
#0 {main}
[07-Jul-2025 23:08:25 America/Mexico_City] PHP Warning:  foreach() argument must be of type array|object, string given in C:\xampp\htdocs\tienda_gamer\views\orders\admin_list.php on line 51
[07-Jul-2025 23:08:25 America/Mexico_City] PHP Warning:  foreach() argument must be of type array|object, string given in C:\xampp\htdocs\tienda_gamer\views\orders\admin_list.php on line 51
[07-Jul-2025 23:08:25 America/Mexico_City] Acción inválida
#0 {main}
[07-Jul-2025 23:08:29 America/Mexico_City] Acción inválida
#0 {main}
[07-Jul-2025 23:08:29 America/Mexico_City] Acción inválida
#0 {main}
[07-Jul-2025 23:08:31 America/Mexico_City] PHP Warning:  foreach() argument must be of type array|object, string given in C:\xampp\htdocs\tienda_gamer\views\orders\admin_list.php on line 51
[07-Jul-2025 23:08:31 America/Mexico_City] PHP Warning:  foreach() argument must be of type array|object, string given in C:\xampp\htdocs\tienda_gamer\views\orders\admin_list.php on line 51
[07-Jul-2025 23:08:31 America/Mexico_City] Acción inválida
#0 {main}
[07-Jul-2025 23:08:33 America/Mexico_City] Acción inválida
#0 {main}
[07-Jul-2025 23:08:33 America/Mexico_City] Acción inválida
#0 {main}
[07-Jul-2025 23:08:34 America/Mexico_City] PHP Warning:  foreach() argument must be of type array|object, string given in C:\xampp\htdocs\tienda_gamer\views\orders\admin_list.php on line 51
[07-Jul-2025 23:08:34 America/Mexico_City] PHP Warning:  foreach() argument must be of type array|object, string given in C:\xampp\htdocs\tienda_gamer\views\orders\admin_list.php on line 51
[07-Jul-2025 23:08:34 America/Mexico_City] Acción inválida
#0 {main}
[07-Jul-2025 23:08:37 America/Mexico_City] Acción inválida
#0 {main}
[07-Jul-2025 23:08:37 America/Mexico_City] Acción inválida
#0 {main}
[07-Jul-2025 23:10:20 America/Mexico_City] PHP Warning:  foreach() argument must be of type array|object, string given in C:\xampp\htdocs\tienda_gamer\views\orders\admin_list.php on line 51
[07-Jul-2025 23:10:20 America/Mexico_City] PHP Warning:  foreach() argument must be of type array|object, string given in C:\xampp\htdocs\tienda_gamer\views\orders\admin_list.php on line 51
[07-Jul-2025 23:10:20 America/Mexico_City] Acción inválida
#0 {main}
[07-Jul-2025 23:10:26 America/Mexico_City] PHP Warning:  foreach() argument must be of type array|object, string given in C:\xampp\htdocs\tienda_gamer\views\orders\admin_list.php on line 51
[07-Jul-2025 23:10:26 America/Mexico_City] PHP Warning:  foreach() argument must be of type array|object, string given in C:\xampp\htdocs\tienda_gamer\views\orders\admin_list.php on line 51
[07-Jul-2025 23:10:26 America/Mexico_City] Acción inválida
#0 {main}
[07-Jul-2025 23:10:34 America/Mexico_City] Acción inválida
#0 {main}
[07-Jul-2025 23:11:41 America/Mexico_City] Acción inválida
#0 {main}
[07-Jul-2025 23:11:42 America/Mexico_City] Acción inválida
#0 {main}
[07-Jul-2025 23:11:57 America/Mexico_City] Acción inválida
#0 {main}
[07-Jul-2025 23:11:59 America/Mexico_City] Acción inválida
#0 {main}
[07-Jul-2025 23:13:47 America/Mexico_City] Acción inválida
#0 {main}
[07-Jul-2025 23:13:47 America/Mexico_City] Acción inválida
#0 {main}
[07-Jul-2025 23:13:48 America/Mexico_City] Acción inválida
#0 {main}
[07-Jul-2025 23:13:48 America/Mexico_City] Acción inválida
#0 {main}
[07-Jul-2025 23:13:48 America/Mexico_City] Acción inválida
#0 {main}
[07-Jul-2025 23:13:48 America/Mexico_City] Acción inválida
#0 {main}
[07-Jul-2025 23:13:48 America/Mexico_City] Acción inválida
#0 {main}
[07-Jul-2025 23:13:48 America/Mexico_City] Acción inválida
#0 {main}
[07-Jul-2025 23:13:57 America/Mexico_City] Acción inválida
#0 {main}
[07-Jul-2025 23:15:30 America/Mexico_City] Acción inválida
#0 {main}
[07-Jul-2025 23:15:31 America/Mexico_City] Acción inválida
#0 {main}
[07-Jul-2025 23:15:31 America/Mexico_City] Acción inválida
#0 {main}
[07-Jul-2025 23:15:34 America/Mexico_City] Acción inválida
#0 {main}
[07-Jul-2025 23:15:47 America/Mexico_City] Acción inválida
#0 {main}
[07-Jul-2025 23:15:56 America/Mexico_City] Acción inválida
#0 {main}
[07-Jul-2025 23:16:40 America/Mexico_City] Acción inválida
#0 {main}
[07-Jul-2025 23:16:40 America/Mexico_City] Acción inválida
#0 {main}
[07-Jul-2025 23:16:41 America/Mexico_City] Acción inválida
#0 {main}
[07-Jul-2025 23:16:44 America/Mexico_City] Acción inválida
#0 {main}
[07-Jul-2025 23:16:48 America/Mexico_City] Acción inválida
#0 {main}
[07-Jul-2025 23:16:52 America/Mexico_City] Acción inválida
#0 {main}
[07-Jul-2025 23:16:54 America/Mexico_City] Acción inválida
#0 {main}
[07-Jul-2025 23:17:03 America/Mexico_City] Acción inválida
#0 {main}
[07-Jul-2025 23:17:05 America/Mexico_City] Acción inválida
#0 {main}
[07-Jul-2025 23:17:59 America/Mexico_City] Acción inválida
#0 {main}
[07-Jul-2025 23:18:00 America/Mexico_City] Acción inválida
#0 {main}
[07-Jul-2025 23:18:05 America/Mexico_City] Acción inválida
#0 {main}
[07-Jul-2025 23:18:10 America/Mexico_City] Acción inválida
#0 {main}
[07-Jul-2025 23:18:11 America/Mexico_City] Acción inválida
#0 {main}
[07-Jul-2025 23:18:52 America/Mexico_City] Acción inválida
#0 {main}
[07-Jul-2025 23:18:55 America/Mexico_City] Acción inválida
#0 {main}
[07-Jul-2025 23:21:48 America/Mexico_City] Acción inválida
#0 {main}
[07-Jul-2025 23:21:57 America/Mexico_City] Acción inválida
#0 {main}
[07-Jul-2025 23:22:00 America/Mexico_City] Acción inválida
#0 {main}
[07-Jul-2025 23:22:02 America/Mexico_City] Acción inválida
#0 {main}
[07-Jul-2025 23:22:09 America/Mexico_City] Acción inválida
#0 {main}
[07-Jul-2025 23:22:16 America/Mexico_City] Acción inválida
#0 {main}
[07-Jul-2025 23:22:18 America/Mexico_City] Acción inválida
#0 {main}
[07-Jul-2025 23:22:43 America/Mexico_City] Acción inválida
#0 {main}
[07-Jul-2025 23:22:56 America/Mexico_City] Acción inválida
#0 {main}
[07-Jul-2025 23:22:58 America/Mexico_City] Acción inválida
#0 {main}
[07-Jul-2025 23:23:03 America/Mexico_City] Acción inválida
#0 {main}
[07-Jul-2025 23:23:49 America/Mexico_City] Acción inválida
#0 {main}
[07-Jul-2025 23:23:54 America/Mexico_City] Acción inválida
#0 {main}
[07-Jul-2025 23:23:57 America/Mexico_City] Acción inválida
#0 {main}
[07-Jul-2025 23:23:58 America/Mexico_City] PHP Warning:  foreach() argument must be of type array|object, string given in C:\xampp\htdocs\tienda_gamer\views\orders\admin_list.php on line 51
[07-Jul-2025 23:23:58 America/Mexico_City] PHP Warning:  foreach() argument must be of type array|object, string given in C:\xampp\htdocs\tienda_gamer\views\orders\admin_list.php on line 51
[07-Jul-2025 23:23:58 America/Mexico_City] Acción inválida
#0 {main}
[07-Jul-2025 23:23:59 America/Mexico_City] Acción inválida
#0 {main}
[07-Jul-2025 23:24:52 America/Mexico_City] Acción inválida
#0 {main}
[07-Jul-2025 23:24:56 America/Mexico_City] Acción inválida
#0 {main}
[07-Jul-2025 23:24:58 America/Mexico_City] PHP Warning:  foreach() argument must be of type array|object, string given in C:\xampp\htdocs\tienda_gamer\views\orders\admin_list.php on line 51
[07-Jul-2025 23:24:58 America/Mexico_City] PHP Warning:  foreach() argument must be of type array|object, string given in C:\xampp\htdocs\tienda_gamer\views\orders\admin_list.php on line 51
[07-Jul-2025 23:24:58 America/Mexico_City] Acción inválida
#0 {main}
[07-Jul-2025 23:24:59 America/Mexico_City] Acción inválida
#0 {main}
[07-Jul-2025 23:25:00 America/Mexico_City] Acción inválida
#0 {main}
[07-Jul-2025 23:25:02 America/Mexico_City] PHP Warning:  foreach() argument must be of type array|object, string given in C:\xampp\htdocs\tienda_gamer\views\orders\admin_list.php on line 51
[07-Jul-2025 23:25:02 America/Mexico_City] PHP Warning:  foreach() argument must be of type array|object, string given in C:\xampp\htdocs\tienda_gamer\views\orders\admin_list.php on line 51
[07-Jul-2025 23:25:02 America/Mexico_City] Acción inválida
#0 {main}
[07-Jul-2025 23:25:03 America/Mexico_City] Acción inválida
#0 {main}
[07-Jul-2025 23:25:05 America/Mexico_City] PHP Warning:  foreach() argument must be of type array|object, string given in C:\xampp\htdocs\tienda_gamer\views\orders\admin_list.php on line 51
[07-Jul-2025 23:25:05 America/Mexico_City] PHP Warning:  foreach() argument must be of type array|object, string given in C:\xampp\htdocs\tienda_gamer\views\orders\admin_list.php on line 51
[07-Jul-2025 23:25:05 America/Mexico_City] Acción inválida
#0 {main}
[07-Jul-2025 23:25:06 America/Mexico_City] Acción inválida
#0 {main}
[07-Jul-2025 23:25:07 America/Mexico_City] Acción inválida
#0 {main}
[07-Jul-2025 23:25:09 America/Mexico_City] PHP Warning:  foreach() argument must be of type array|object, string given in C:\xampp\htdocs\tienda_gamer\views\orders\admin_list.php on line 51
[07-Jul-2025 23:25:09 America/Mexico_City] PHP Warning:  foreach() argument must be of type array|object, string given in C:\xampp\htdocs\tienda_gamer\views\orders\admin_list.php on line 51
[07-Jul-2025 23:25:09 America/Mexico_City] Acción inválida
#0 {main}
[07-Jul-2025 23:25:20 America/Mexico_City] PHP Warning:  foreach() argument must be of type array|object, string given in C:\xampp\htdocs\tienda_gamer\views\orders\admin_list.php on line 51
[07-Jul-2025 23:25:20 America/Mexico_City] PHP Warning:  foreach() argument must be of type array|object, string given in C:\xampp\htdocs\tienda_gamer\views\orders\admin_list.php on line 51
[07-Jul-2025 23:25:20 America/Mexico_City] Acción inválida
#0 {main}
[07-Jul-2025 23:25:23 America/Mexico_City] PHP Warning:  foreach() argument must be of type array|object, string given in C:\xampp\htdocs\tienda_gamer\views\orders\admin_list.php on line 51
[07-Jul-2025 23:25:23 America/Mexico_City] PHP Warning:  foreach() argument must be of type array|object, string given in C:\xampp\htdocs\tienda_gamer\views\orders\admin_list.php on line 51
[07-Jul-2025 23:25:23 America/Mexico_City] Acción inválida
#0 {main}
[07-Jul-2025 23:25:25 America/Mexico_City] PHP Warning:  foreach() argument must be of type array|object, string given in C:\xampp\htdocs\tienda_gamer\views\orders\admin_list.php on line 51
[07-Jul-2025 23:25:25 America/Mexico_City] PHP Warning:  foreach() argument must be of type array|object, string given in C:\xampp\htdocs\tienda_gamer\views\orders\admin_list.php on line 51
[07-Jul-2025 23:25:25 America/Mexico_City] Acción inválida
#0 {main}
[07-Jul-2025 23:25:26 America/Mexico_City] PHP Warning:  foreach() argument must be of type array|object, string given in C:\xampp\htdocs\tienda_gamer\views\orders\admin_list.php on line 51
[07-Jul-2025 23:25:26 America/Mexico_City] PHP Warning:  foreach() argument must be of type array|object, string given in C:\xampp\htdocs\tienda_gamer\views\orders\admin_list.php on line 51
[07-Jul-2025 23:25:26 America/Mexico_City] Acción inválida
#0 {main}
[07-Jul-2025 23:25:35 America/Mexico_City] Acción inválida
#0 {main}
[07-Jul-2025 23:25:37 America/Mexico_City] PHP Fatal error:  Uncaught Error: Call to undefined method Product::delete() in C:\xampp\htdocs\tienda_gamer\controllers\ProductController.php:200
Stack trace:
#0 C:\xampp\htdocs\tienda_gamer\index.php(71): ProductController->delete()
#1 {main}
  thrown in C:\xampp\htdocs\tienda_gamer\controllers\ProductController.php on line 200
[07-Jul-2025 23:27:03 America/Mexico_City] Acción inválida
#0 {main}
[07-Jul-2025 23:27:09 America/Mexico_City] Acción inválida
#0 {main}
[07-Jul-2025 23:27:19 America/Mexico_City] Acción inválida
#0 {main}
[07-Jul-2025 23:27:20 America/Mexico_City] Acción inválida
#0 {main}
[07-Jul-2025 23:27:21 America/Mexico_City] PHP Warning:  foreach() argument must be of type array|object, null given in C:\xampp\htdocs\tienda_gamer\views\orders\admin_list.php on line 51
[07-Jul-2025 23:27:21 America/Mexico_City] PHP Warning:  foreach() argument must be of type array|object, null given in C:\xampp\htdocs\tienda_gamer\views\orders\admin_list.php on line 51
[07-Jul-2025 23:27:21 America/Mexico_City] Acción inválida
#0 {main}
[07-Jul-2025 23:27:34 America/Mexico_City] Acción inválida
#0 {main}
[07-Jul-2025 23:27:36 America/Mexico_City] Acción inválida
#0 {main}
[07-Jul-2025 23:27:59 America/Mexico_City] Acción inválida
#0 {main}
[07-Jul-2025 23:28:22 America/Mexico_City] Acción inválida
#0 {main}
[07-Jul-2025 23:28:26 America/Mexico_City] Acción inválida
#0 {main}
[07-Jul-2025 23:28:31 America/Mexico_City] Acción inválida
#0 {main}
[07-Jul-2025 23:28:43 America/Mexico_City] Acción inválida
#0 {main}
[07-Jul-2025 23:28:44 America/Mexico_City] Acción inválida
#0 {main}
[07-Jul-2025 23:28:45 America/Mexico_City] Acción inválida
#0 {main}
[07-Jul-2025 23:29:53 America/Mexico_City] Acción inválida
#0 {main}
[07-Jul-2025 23:29:57 America/Mexico_City] Acción inválida
#0 {main}
[07-Jul-2025 23:29:59 America/Mexico_City] Acción inválida
#0 {main}
[07-Jul-2025 23:30:09 America/Mexico_City] Acción inválida
#0 {main}
[07-Jul-2025 23:30:22 America/Mexico_City] Acción inválida
#0 {main}
[07-Jul-2025 23:30:24 America/Mexico_City] Acción inválida
#0 {main}
[07-Jul-2025 23:30:44 America/Mexico_City] Acción inválida
#0 {main}
[07-Jul-2025 23:33:30 America/Mexico_City] Acción inválida
#0 {main}
[07-Jul-2025 23:33:43 America/Mexico_City] Acción inválida
#0 {main}
[07-Jul-2025 23:33:49 America/Mexico_City] Acción inválida
#0 {main}
[07-Jul-2025 23:33:54 America/Mexico_City] Acción inválida
#0 {main}
[07-Jul-2025 23:34:07 America/Mexico_City] Acción inválida
#0 {main}
[07-Jul-2025 23:34:09 America/Mexico_City] Acción inválida
#0 {main}
[07-Jul-2025 23:34:15 America/Mexico_City] Acción inválida
#0 {main}
[07-Jul-2025 23:34:17 America/Mexico_City] Acción inválida
#0 {main}
[07-Jul-2025 23:34:24 America/Mexico_City] Acción inválida
#0 {main}
[07-Jul-2025 23:34:26 America/Mexico_City] Acción inválida
#0 {main}
[07-Jul-2025 23:34:30 America/Mexico_City] Acción inválida
#0 {main}
[07-Jul-2025 23:34:32 America/Mexico_City] Acción inválida
#0 {main}
[07-Jul-2025 23:34:44 America/Mexico_City] Acción inválida
#0 {main}
[07-Jul-2025 23:34:54 America/Mexico_City] Acción inválida
#0 {main}
[07-Jul-2025 23:34:54 America/Mexico_City] Acción inválida
#0 {main}
[07-Jul-2025 23:35:04 America/Mexico_City] Acción inválida
#0 {main}
[07-Jul-2025 23:35:08 America/Mexico_City] Acción inválida
#0 {main}
[07-Jul-2025 23:35:09 America/Mexico_City] Acción inválida
#0 {main}
[07-Jul-2025 23:35:22 America/Mexico_City] Acción inválida
#0 {main}
[07-Jul-2025 23:35:30 America/Mexico_City] Acción inválida
#0 {main}
[07-Jul-2025 23:35:32 America/Mexico_City] Acción inválida
#0 {main}
[07-Jul-2025 23:35:33 America/Mexico_City] Acción inválida
#0 {main}
[07-Jul-2025 23:35:35 America/Mexico_City] Acción inválida
#0 {main}
[07-Jul-2025 23:35:36 America/Mexico_City] Acción inválida
#0 {main}
[07-Jul-2025 23:35:39 America/Mexico_City] Acción inválida
#0 {main}
[07-Jul-2025 23:35:40 America/Mexico_City] Acción inválida
#0 {main}
[07-Jul-2025 23:35:42 America/Mexico_City] Acción inválida
#0 {main}
[07-Jul-2025 23:35:44 America/Mexico_City] Acción inválida
#0 {main}
[07-Jul-2025 23:35:46 America/Mexico_City] Acción inválida
#0 {main}
[07-Jul-2025 23:35:47 America/Mexico_City] Acción inválida
#0 {main}
[07-Jul-2025 23:35:49 America/Mexico_City] PHP Warning:  foreach() argument must be of type array|object, null given in C:\xampp\htdocs\tienda_gamer\views\orders\admin_list.php on line 51
[07-Jul-2025 23:35:49 America/Mexico_City] PHP Warning:  foreach() argument must be of type array|object, null given in C:\xampp\htdocs\tienda_gamer\views\orders\admin_list.php on line 51
[07-Jul-2025 23:35:49 America/Mexico_City] Acción inválida
#0 {main}
[07-Jul-2025 23:38:10 America/Mexico_City] PHP Warning:  foreach() argument must be of type array|object, null given in C:\xampp\htdocs\tienda_gamer\views\orders\admin_list.php on line 72
[07-Jul-2025 23:38:10 America/Mexico_City] PHP Warning:  foreach() argument must be of type array|object, null given in C:\xampp\htdocs\tienda_gamer\views\orders\admin_list.php on line 72
[07-Jul-2025 23:38:10 America/Mexico_City] Acción inválida
#0 {main}
[07-Jul-2025 23:38:15 America/Mexico_City] PHP Warning:  foreach() argument must be of type array|object, null given in C:\xampp\htdocs\tienda_gamer\views\orders\admin_list.php on line 72
[07-Jul-2025 23:38:15 America/Mexico_City] Acción inválida
#0 {main}
[07-Jul-2025 23:38:20 America/Mexico_City] Acción inválida
#0 {main}
[08-Jul-2025 23:57:23 Europe/Berlin] PHP Fatal error:  Uncaught Error: Undefined constant "DB_HOST" in C:\xampp\htdocs\tienda_gamer\models\Database.php:8
Stack trace:
#0 C:\xampp\htdocs\tienda_gamer\models\Database.php(18): Database->__construct()
#1 C:\xampp\htdocs\tienda_gamer\models\Product.php(5): Database::getInstance()
#2 C:\xampp\htdocs\tienda_gamer\views\home.php(12): Product->__construct()
#3 C:\xampp\htdocs\tienda_gamer\controllers\HomeController.php(4): require('C:\\xampp\\htdocs...')
#4 C:\xampp\htdocs\tienda_gamer\routes.php(98): HomeController->index()
#5 C:\xampp\htdocs\tienda_gamer\index.php(29): require_once('C:\\xampp\\htdocs...')
#6 {main}
  thrown in C:\xampp\htdocs\tienda_gamer\models\Database.php on line 8
[09-Jul-2025 01:06:20 Europe/Berlin] PHP Fatal error:  Uncaught PDOException: SQLSTATE[23000]: Integrity constraint violation: 1451 Cannot delete or update a parent row: a foreign key constraint fails (`tienda_gamer`.`products`, CONSTRAINT `products_ibfk_1` FOREIGN KEY (`category_id`) REFERENCES `categories` (`id`)) in C:\xampp\htdocs\tienda_gamer\models\Category.php:31
Stack trace:
#0 C:\xampp\htdocs\tienda_gamer\models\Category.php(31): PDOStatement->execute(Array)
#1 C:\xampp\htdocs\tienda_gamer\controllers\CategoryController.php(81): Category->delete(5)
#2 C:\xampp\htdocs\tienda_gamer\index.php(59): CategoryController->delete('5')
#3 {main}
  thrown in C:\xampp\htdocs\tienda_gamer\models\Category.php on line 31
[09-Jul-2025 01:07:58 Europe/Berlin] PHP Fatal error:  Uncaught Error: Call to undefined method Product::delete() in C:\xampp\htdocs\tienda_gamer\controllers\ProductController.php:108
Stack trace:
#0 C:\xampp\htdocs\tienda_gamer\index.php(59): ProductController->delete('6')
#1 {main}
  thrown in C:\xampp\htdocs\tienda_gamer\controllers\ProductController.php on line 108
[09-Jul-2025 01:21:24 Europe/Berlin] PHP Deprecated:  htmlspecialchars(): Passing null to parameter #1 ($string) of type string is deprecated in C:\xampp\htdocs\tienda_gamer\views\users\account.php on line 48
[09-Jul-2025 01:21:24 Europe/Berlin] PHP Deprecated:  htmlspecialchars(): Passing null to parameter #1 ($string) of type string is deprecated in C:\xampp\htdocs\tienda_gamer\views\users\account.php on line 52
[09-Jul-2025 01:21:24 Europe/Berlin] PHP Deprecated:  htmlspecialchars(): Passing null to parameter #1 ($string) of type string is deprecated in C:\xampp\htdocs\tienda_gamer\views\users\account.php on line 57
[09-Jul-2025 01:21:24 Europe/Berlin] PHP Deprecated:  htmlspecialchars(): Passing null to parameter #1 ($string) of type string is deprecated in C:\xampp\htdocs\tienda_gamer\views\users\account.php on line 61
[09-Jul-2025 01:21:24 Europe/Berlin] PHP Deprecated:  htmlspecialchars(): Passing null to parameter #1 ($string) of type string is deprecated in C:\xampp\htdocs\tienda_gamer\views\users\account.php on line 65
